******************************************************************************
             TMS320C2000 Linker PC v6.4.11                     
******************************************************************************
>> Linked Mon Sep 23 13:15:38 2019

OUTPUT FILE NAME:   <ePWM_20190329.out>
ENTRY POINT SYMBOL: "_c_int00"  address: 00338987


MEMORY CONFIGURATION

         name            origin    length      used     unused   attr    fill
----------------------  --------  ---------  --------  --------  ----  --------
PAGE 0:
  ZONE0                 00004000   00001000  00000000  00001000  RWIX
  RAML0                 00008000   00001000  0000001f  00000fe1  RWIX
  RAML1                 00009000   00001000  00000000  00001000  RWIX
  RAML2                 0000a000   00001000  00000000  00001000  RWIX
  RAML3                 0000b000   00001000  00000000  00001000  RWIX
  ZONE6                 00100000   00100000  00000000  00100000  RWIX
  ZONE7A                00200000   0000fc00  00000000  0000fc00  RWIX
  FLASHH                00300000   00008000  00000000  00008000  RWIX
  FLASHG                00308000   00008000  00000000  00008000  RWIX
  FLASHF                00310000   00008000  00000000  00008000  RWIX
  FLASHE                00318000   00008000  00000000  00008000  RWIX
  FLASHD                00320000   00008000  0000001f  00007fe1  RWIX
  FLASHC                00328000   00008000  00000047  00007fb9  RWIX
  FLASHA                00338000   00007f80  00000ce4  0000729c  RWIX
  CSM_RSVD              0033ff80   00000076  00000076  00000000  RWIX
  BEGIN                 0033fff6   00000002  00000002  00000000  RWIX
  CSM_PWL               0033fff8   00000008  00000008  00000000  RWIX
  ADC_CAL               00380080   00000009  00000007  00000002  RWIX
  OTP                   00380400   00000400  00000000  00000400  RWIX
  IQTABLES              003fe000   00000b50  00000b50  00000000  RWIX
  IQTABLES2             003feb50   0000008c  00000000  0000008c  RWIX
  FPUTABLES             003febdc   000006a0  00000000  000006a0  RWIX
  ROM                   003ff27c   00000d44  00000000  00000d44  RWIX
  RESET                 003fffc0   00000002  00000000  00000002  RWIX
  VECTORS               003fffc2   0000003e  00000000  0000003e  RWIX

PAGE 1:
  BOOT_RSVD             00000000   00000050  00000000  00000050  RWIX
  RAMM0                 00000050   000003b0  00000000  000003b0  RWIX
  RAMM1                 00000400   00000400  00000300  00000100  RWIX
  DEV_EMU               00000880   00000180  000000d0  000000b0  RWIX
  FLASH_REGS            00000a80   00000060  00000008  00000058  RWIX
  CSM                   00000ae0   00000010  00000010  00000000  RWIX
  ADC_MIRROR            00000b00   00000010  00000010  00000000  RWIX
  XINTF                 00000b20   00000020  0000001e  00000002  RWIX
  CPU_TIMER0            00000c00   00000008  00000008  00000000  RWIX
  CPU_TIMER1            00000c08   00000008  00000008  00000000  RWIX
  CPU_TIMER2            00000c10   00000008  00000008  00000000  RWIX
  PIE_CTRL              00000ce0   00000020  0000001a  00000006  RWIX
  PIE_VECT              00000d00   00000100  00000100  00000000  RWIX
  DMA                   00001000   00000200  000000e0  00000120  RWIX
  MCBSPA                00005000   00000040  00000025  0000001b  RWIX
  MCBSPB                00005040   00000040  00000025  0000001b  RWIX
  ECANA                 00006000   00000040  00000034  0000000c  RWIX
  ECANA_LAM             00006040   00000040  00000040  00000000  RWIX
  ECANA_MOTS            00006080   00000040  00000040  00000000  RWIX
  ECANA_MOTO            000060c0   00000040  00000040  00000000  RWIX
  ECANA_MBOX            00006100   00000100  00000100  00000000  RWIX
  ECANB                 00006200   00000040  00000034  0000000c  RWIX
  ECANB_LAM             00006240   00000040  00000040  00000000  RWIX
  ECANB_MOTS            00006280   00000040  00000040  00000000  RWIX
  ECANB_MOTO            000062c0   00000040  00000040  00000000  RWIX
  ECANB_MBOX            00006300   00000100  00000100  00000000  RWIX
  EPWM1                 00006800   00000022  00000022  00000000  RWIX
  EPWM2                 00006840   00000022  00000022  00000000  RWIX
  EPWM3                 00006880   00000022  00000022  00000000  RWIX
  EPWM4                 000068c0   00000022  00000022  00000000  RWIX
  EPWM5                 00006900   00000022  00000022  00000000  RWIX
  EPWM6                 00006940   00000022  00000022  00000000  RWIX
  ECAP1                 00006a00   00000020  00000020  00000000  RWIX
  ECAP2                 00006a20   00000020  00000020  00000000  RWIX
  ECAP3                 00006a40   00000020  00000020  00000000  RWIX
  ECAP4                 00006a60   00000020  00000020  00000000  RWIX
  ECAP5                 00006a80   00000020  00000020  00000000  RWIX
  ECAP6                 00006aa0   00000020  00000020  00000000  RWIX
  EQEP1                 00006b00   00000040  00000040  00000000  RWIX
  EQEP2                 00006b40   00000040  00000040  00000000  RWIX
  GPIOCTRL              00006f80   00000040  0000002e  00000012  RWIX
  GPIODAT               00006fc0   00000020  00000020  00000000  RWIX
  GPIOINT               00006fe0   00000020  0000000a  00000016  RWIX
  SYSTEM                00007010   00000020  00000020  00000000  RWIX
  SPIA                  00007040   00000010  00000010  00000000  RWIX
  SCIA                  00007050   00000010  00000010  00000000  RWIX
  XINTRUPT              00007070   00000010  00000010  00000000  RWIX
  ADC                   00007100   00000020  0000001e  00000002  RWIX
  SCIB                  00007750   00000010  00000010  00000000  RWIX
  SCIC                  00007770   00000010  00000010  00000000  RWIX
  I2CA                  00007900   00000040  00000022  0000001e  RWIX
  RAML4                 0000c000   00001000  00000064  00000f9c  RWIX
  RAML5                 0000d000   00001000  00000000  00001000  RWIX
  RAML6                 0000e000   00001000  00000000  00001000  RWIX
  RAML7                 0000f000   00001000  00000000  00001000  RWIX
  ZONE7B                0020fc00   00000400  00000000  00000400  RWIX
  FLASHB                00330000   00008000  00000000  00008000  RWIX
  CSM_PWL               0033fff8   00000008  00000008  00000000  RWIX
  PARTID                00380090   00000001  00000001  00000000  RWIX


SECTION ALLOCATION MAP

 output                                  attributes/
section   page    origin      length       input sections
--------  ----  ----------  ----------   ----------------
ramfuncs   0    00320000    0000001f     RUN ADDR = 00008000
                  00320000    0000001b     DSP2833x_SysCtrl.obj (ramfuncs)
                  0032001b    00000004     DSP2833x_usDelay.obj (ramfuncs)

IQmath     0    00328000    00000047     
                  00328000    00000047     IQmath_fpu32.lib : IQ24div.obj (IQmath)

.text      0    00338000    00000af7     
                  00338000    00000316     DSP2833x_DefaultIsr.obj (.text:retain)
                  00338316    00000123     main.obj (.text)
                  00338439    0000010a     main.obj (.text:retain)
                  00338543    000000f8     DSP2833x_SysCtrl.obj (.text)
                  0033863b    0000009c     rts2800_fpu32.lib : fd_add.obj (.text)
                  003386d7    0000008b                       : fd_div.obj (.text)
                  00338762    00000088                       : fs_div.obj (.text)
                  003387ea    00000083                       : fd_mpy.obj (.text)
                  0033886d    00000073     DSP2833x_CpuTimers.obj (.text)
                  003388e0    0000005d     DSP2833x_Gpio.obj (.text)
                  0033893d    0000004a     DSP2833x_EPwm.obj (.text)
                  00338987    00000046     rts2800_fpu32.lib : boot.obj (.text)
                  003389cd    0000002a                       : fd_cmp.obj (.text)
                  003389f7    00000028     DSP2833x_PieCtrl.obj (.text)
                  00338a1f    00000023     rts2800_fpu32.lib : fd_tofs.obj (.text)
                  00338a42    00000022     DSP2833x_PieVect.obj (.text)
                  00338a64    0000001c     rts2800_fpu32.lib : l_tofd.obj (.text)
                  00338a80    0000001b                       : args_main.obj (.text)
                  00338a9b    00000019                       : exit.obj (.text)
                  00338ab4    00000015     DSP2833x_MemCopy.obj (.text)
                  00338ac9    0000000f     DSP2833x_EQep.obj (.text)
                  00338ad8    0000000e     rts2800_fpu32.lib : fd_sub.obj (.text)
                  00338ae6    00000009                       : _lock.obj (.text)
                  00338aef    00000008     DSP2833x_CodeStartBranch.obj (.text)

.econst    0    00338af8    00000114     
                  00338af8    00000100     DSP2833x_PieVect.obj (.econst)
                  00338bf8    00000014     main.obj (.econst)

.cinit     0    00338c0c    000000d9     
                  00338c0c    000000c3     main.obj (.cinit)
                  00338ccf    0000000a     rts2800_fpu32.lib : _lock.obj (.cinit)
                  00338cd9    0000000a                       : exit.obj (.cinit)
                  00338ce3    00000002     --HOLE-- [fill = 0]

csm_rsvd   0    0033ff80    00000076     
                  0033ff80    00000076     DSP2833x_CSMPasswords.obj (csm_rsvd)

codestart 
*          0    0033fff6    00000002     
                  0033fff6    00000002     DSP2833x_CodeStartBranch.obj (codestart)

csmpasswds 
*          0    0033fff8    00000008     
                  0033fff8    00000008     DSP2833x_CSMPasswords.obj (csmpasswds)

.adc_cal   0    00380080    00000007     NOLOAD SECTION
                  00380080    00000007     DSP2833x_ADC_cal.obj (.adc_cal)

IQmathTables 
*          0    003fe000    00000b50     NOLOAD SECTION
                  003fe000    00000b50     IQmath_fpu32.lib : IQmathTables.obj (IQmathTables)

.stack     1    00000400    00000300     UNINITIALIZED
                  00000400    00000300     --HOLE--

DevEmuRegsFile 
*          1    00000880    000000d0     UNINITIALIZED
                  00000880    000000d0     DSP2833x_GlobalVariableDefs.obj (DevEmuRegsFile)

FlashRegsFile 
*          1    00000a80    00000008     UNINITIALIZED
                  00000a80    00000008     DSP2833x_GlobalVariableDefs.obj (FlashRegsFile)

CsmRegsFile 
*          1    00000ae0    00000010     UNINITIALIZED
                  00000ae0    00000010     DSP2833x_GlobalVariableDefs.obj (CsmRegsFile)

AdcMirrorFile 
*          1    00000b00    00000010     UNINITIALIZED
                  00000b00    00000010     DSP2833x_GlobalVariableDefs.obj (AdcMirrorFile)

XintfRegsFile 
*          1    00000b20    0000001e     UNINITIALIZED
                  00000b20    0000001e     DSP2833x_GlobalVariableDefs.obj (XintfRegsFile)

CpuTimer0RegsFile 
*          1    00000c00    00000008     UNINITIALIZED
                  00000c00    00000008     DSP2833x_GlobalVariableDefs.obj (CpuTimer0RegsFile)

CpuTimer1RegsFile 
*          1    00000c08    00000008     UNINITIALIZED
                  00000c08    00000008     DSP2833x_GlobalVariableDefs.obj (CpuTimer1RegsFile)

CpuTimer2RegsFile 
*          1    00000c10    00000008     UNINITIALIZED
                  00000c10    00000008     DSP2833x_GlobalVariableDefs.obj (CpuTimer2RegsFile)

PieCtrlRegsFile 
*          1    00000ce0    0000001a     UNINITIALIZED
                  00000ce0    0000001a     DSP2833x_GlobalVariableDefs.obj (PieCtrlRegsFile)

PieVectTableFile 
*          1    00000d00    00000100     UNINITIALIZED
                  00000d00    00000100     DSP2833x_GlobalVariableDefs.obj (PieVectTableFile)

DmaRegsFile 
*          1    00001000    000000e0     UNINITIALIZED
                  00001000    000000e0     DSP2833x_GlobalVariableDefs.obj (DmaRegsFile)

McbspaRegsFile 
*          1    00005000    00000025     UNINITIALIZED
                  00005000    00000025     DSP2833x_GlobalVariableDefs.obj (McbspaRegsFile)

McbspbRegsFile 
*          1    00005040    00000025     UNINITIALIZED
                  00005040    00000025     DSP2833x_GlobalVariableDefs.obj (McbspbRegsFile)

ECanaRegsFile 
*          1    00006000    00000034     UNINITIALIZED
                  00006000    00000034     DSP2833x_GlobalVariableDefs.obj (ECanaRegsFile)

ECanaLAMRegsFile 
*          1    00006040    00000040     UNINITIALIZED
                  00006040    00000040     DSP2833x_GlobalVariableDefs.obj (ECanaLAMRegsFile)

ECanaMOTSRegsFile 
*          1    00006080    00000040     UNINITIALIZED
                  00006080    00000040     DSP2833x_GlobalVariableDefs.obj (ECanaMOTSRegsFile)

ECanaMOTORegsFile 
*          1    000060c0    00000040     UNINITIALIZED
                  000060c0    00000040     DSP2833x_GlobalVariableDefs.obj (ECanaMOTORegsFile)

ECanaMboxesFile 
*          1    00006100    00000100     UNINITIALIZED
                  00006100    00000100     DSP2833x_GlobalVariableDefs.obj (ECanaMboxesFile)

ECanbRegsFile 
*          1    00006200    00000034     UNINITIALIZED
                  00006200    00000034     DSP2833x_GlobalVariableDefs.obj (ECanbRegsFile)

ECanbLAMRegsFile 
*          1    00006240    00000040     UNINITIALIZED
                  00006240    00000040     DSP2833x_GlobalVariableDefs.obj (ECanbLAMRegsFile)

ECanbMOTSRegsFile 
*          1    00006280    00000040     UNINITIALIZED
                  00006280    00000040     DSP2833x_GlobalVariableDefs.obj (ECanbMOTSRegsFile)

ECanbMOTORegsFile 
*          1    000062c0    00000040     UNINITIALIZED
                  000062c0    00000040     DSP2833x_GlobalVariableDefs.obj (ECanbMOTORegsFile)

ECanbMboxesFile 
*          1    00006300    00000100     UNINITIALIZED
                  00006300    00000100     DSP2833x_GlobalVariableDefs.obj (ECanbMboxesFile)

EPwm1RegsFile 
*          1    00006800    00000022     UNINITIALIZED
                  00006800    00000022     DSP2833x_GlobalVariableDefs.obj (EPwm1RegsFile)

EPwm2RegsFile 
*          1    00006840    00000022     UNINITIALIZED
                  00006840    00000022     DSP2833x_GlobalVariableDefs.obj (EPwm2RegsFile)

EPwm3RegsFile 
*          1    00006880    00000022     UNINITIALIZED
                  00006880    00000022     DSP2833x_GlobalVariableDefs.obj (EPwm3RegsFile)

EPwm4RegsFile 
*          1    000068c0    00000022     UNINITIALIZED
                  000068c0    00000022     DSP2833x_GlobalVariableDefs.obj (EPwm4RegsFile)

EPwm5RegsFile 
*          1    00006900    00000022     UNINITIALIZED
                  00006900    00000022     DSP2833x_GlobalVariableDefs.obj (EPwm5RegsFile)

EPwm6RegsFile 
*          1    00006940    00000022     UNINITIALIZED
                  00006940    00000022     DSP2833x_GlobalVariableDefs.obj (EPwm6RegsFile)

ECap1RegsFile 
*          1    00006a00    00000020     UNINITIALIZED
                  00006a00    00000020     DSP2833x_GlobalVariableDefs.obj (ECap1RegsFile)

ECap2RegsFile 
*          1    00006a20    00000020     UNINITIALIZED
                  00006a20    00000020     DSP2833x_GlobalVariableDefs.obj (ECap2RegsFile)

ECap3RegsFile 
*          1    00006a40    00000020     UNINITIALIZED
                  00006a40    00000020     DSP2833x_GlobalVariableDefs.obj (ECap3RegsFile)

ECap4RegsFile 
*          1    00006a60    00000020     UNINITIALIZED
                  00006a60    00000020     DSP2833x_GlobalVariableDefs.obj (ECap4RegsFile)

ECap5RegsFile 
*          1    00006a80    00000020     UNINITIALIZED
                  00006a80    00000020     DSP2833x_GlobalVariableDefs.obj (ECap5RegsFile)

ECap6RegsFile 
*          1    00006aa0    00000020     UNINITIALIZED
                  00006aa0    00000020     DSP2833x_GlobalVariableDefs.obj (ECap6RegsFile)

EQep1RegsFile 
*          1    00006b00    00000040     UNINITIALIZED
                  00006b00    00000040     DSP2833x_GlobalVariableDefs.obj (EQep1RegsFile)

EQep2RegsFile 
*          1    00006b40    00000040     UNINITIALIZED
                  00006b40    00000040     DSP2833x_GlobalVariableDefs.obj (EQep2RegsFile)

GpioCtrlRegsFile 
*          1    00006f80    0000002e     UNINITIALIZED
                  00006f80    0000002e     DSP2833x_GlobalVariableDefs.obj (GpioCtrlRegsFile)

GpioDataRegsFile 
*          1    00006fc0    00000020     UNINITIALIZED
                  00006fc0    00000020     DSP2833x_GlobalVariableDefs.obj (GpioDataRegsFile)

GpioIntRegsFile 
*          1    00006fe0    0000000a     UNINITIALIZED
                  00006fe0    0000000a     DSP2833x_GlobalVariableDefs.obj (GpioIntRegsFile)

SysCtrlRegsFile 
*          1    00007010    00000020     UNINITIALIZED
                  00007010    00000020     DSP2833x_GlobalVariableDefs.obj (SysCtrlRegsFile)

SpiaRegsFile 
*          1    00007040    00000010     UNINITIALIZED
                  00007040    00000010     DSP2833x_GlobalVariableDefs.obj (SpiaRegsFile)

SciaRegsFile 
*          1    00007050    00000010     UNINITIALIZED
                  00007050    00000010     DSP2833x_GlobalVariableDefs.obj (SciaRegsFile)

XIntruptRegsFile 
*          1    00007070    00000010     UNINITIALIZED
                  00007070    00000010     DSP2833x_GlobalVariableDefs.obj (XIntruptRegsFile)

AdcRegsFile 
*          1    00007100    0000001e     UNINITIALIZED
                  00007100    0000001e     DSP2833x_GlobalVariableDefs.obj (AdcRegsFile)

ScibRegsFile 
*          1    00007750    00000010     UNINITIALIZED
                  00007750    00000010     DSP2833x_GlobalVariableDefs.obj (ScibRegsFile)

ScicRegsFile 
*          1    00007770    00000010     UNINITIALIZED
                  00007770    00000010     DSP2833x_GlobalVariableDefs.obj (ScicRegsFile)

I2caRegsFile 
*          1    00007900    00000022     UNINITIALIZED
                  00007900    00000022     DSP2833x_GlobalVariableDefs.obj (I2caRegsFile)

.ebss      1    0000c000    00000064     UNINITIALIZED
                  0000c000    00000044     main.obj (.ebss)
                  0000c044    00000018     DSP2833x_CpuTimers.obj (.ebss)
                  0000c05c    00000004     rts2800_fpu32.lib : _lock.obj (.ebss)
                  0000c060    00000004                       : exit.obj (.ebss)

CsmPwlFile 
*          1    0033fff8    00000008     UNINITIALIZED
                  0033fff8    00000008     DSP2833x_GlobalVariableDefs.obj (CsmPwlFile)

PartIdRegsFile 
*          1    00380090    00000001     UNINITIALIZED
                  00380090    00000001     DSP2833x_GlobalVariableDefs.obj (PartIdRegsFile)

.pinit     0    00338000    00000000     UNINITIALIZED

.reset     0    003fffc0    00000002     DSECT
                  003fffc0    00000002     rts2800_fpu32.lib : boot.obj (.reset)

vectors    0    003fffc2    00000000     DSECT


GLOBAL DATA SYMBOLS: SORTED BY DATA PAGE

address     data page           name
--------    ----------------    ----
00000400      10 (00000400)     __stack

00000880      22 (00000880)     _DevEmuRegs

00000a80      2a (00000a80)     _FlashRegs

00000ae0      2b (00000ac0)     _CsmRegs

00000b00      2c (00000b00)     _AdcMirror
00000b20      2c (00000b00)     _XintfRegs

00000c00      30 (00000c00)     _CpuTimer0Regs
00000c08      30 (00000c00)     _CpuTimer1Regs
00000c10      30 (00000c00)     _CpuTimer2Regs

00000ce0      33 (00000cc0)     _PieCtrlRegs

00000d00      34 (00000d00)     _PieVectTable

00001000      40 (00001000)     _DmaRegs

00005000     140 (00005000)     _McbspaRegs

00005040     141 (00005040)     _McbspbRegs

00006000     180 (00006000)     _ECanaRegs

00006040     181 (00006040)     _ECanaLAMRegs

00006080     182 (00006080)     _ECanaMOTSRegs

000060c0     183 (000060c0)     _ECanaMOTORegs

00006100     184 (00006100)     _ECanaMboxes

00006200     188 (00006200)     _ECanbRegs

00006240     189 (00006240)     _ECanbLAMRegs

00006280     18a (00006280)     _ECanbMOTSRegs

000062c0     18b (000062c0)     _ECanbMOTORegs

00006300     18c (00006300)     _ECanbMboxes

00006800     1a0 (00006800)     _EPwm1Regs

00006840     1a1 (00006840)     _EPwm2Regs

00006880     1a2 (00006880)     _EPwm3Regs

000068c0     1a3 (000068c0)     _EPwm4Regs

00006900     1a4 (00006900)     _EPwm5Regs

00006940     1a5 (00006940)     _EPwm6Regs

00006a00     1a8 (00006a00)     _ECap1Regs
00006a20     1a8 (00006a00)     _ECap2Regs

00006a40     1a9 (00006a40)     _ECap3Regs
00006a60     1a9 (00006a40)     _ECap4Regs

00006a80     1aa (00006a80)     _ECap5Regs
00006aa0     1aa (00006a80)     _ECap6Regs

00006b00     1ac (00006b00)     _EQep1Regs

00006b40     1ad (00006b40)     _EQep2Regs

00006f80     1be (00006f80)     _GpioCtrlRegs

00006fc0     1bf (00006fc0)     _GpioDataRegs
00006fe0     1bf (00006fc0)     _GpioIntRegs

00007010     1c0 (00007000)     _SysCtrlRegs

00007040     1c1 (00007040)     _SpiaRegs
00007050     1c1 (00007040)     _SciaRegs
00007070     1c1 (00007040)     _XIntruptRegs

00007100     1c4 (00007100)     _AdcRegs

00007750     1dd (00007740)     _ScibRegs
00007770     1dd (00007740)     _ScicRegs

00007900     1e4 (00007900)     _I2caRegs

0000c000     300 (0000c000)     _FLAG_5s
0000c001     300 (0000c000)     _uCount_001ms
0000c002     300 (0000c000)     _FLAG_500ms
0000c003     300 (0000c000)     _uCount_010ms
0000c004     300 (0000c000)     _uCount_020ms
0000c005     300 (0000c000)     _FLAG_2000ms
0000c006     300 (0000c000)     _uCount_005ms
0000c007     300 (0000c000)     _FLAG_1ms
0000c008     300 (0000c000)     _FLAG_5ms
0000c009     300 (0000c000)     _overflowFlag
0000c00a     300 (0000c000)     _FLAG_20ms
0000c00b     300 (0000c000)     _FLAG_50ms
0000c00c     300 (0000c000)     _underflowFlag
0000c00d     300 (0000c000)     _FLAG_20ms_Counter
0000c00e     300 (0000c000)     _FLAG_50ms_Counter
0000c00f     300 (0000c000)     _FLAG_5ms_Counter
0000c010     300 (0000c000)     _FLAG_2000ms_Counter
0000c011     300 (0000c000)     _FLAG_5s_Counter
0000c012     300 (0000c000)     _FLAG_10ms_Counter
0000c013     300 (0000c000)     _FLAG_500ms_Counter
0000c014     300 (0000c000)     _uCount_500ms
0000c015     300 (0000c000)     _uCount_2000ms
0000c016     300 (0000c000)     _FLAG_10ms
0000c017     300 (0000c000)     _EPWMTimerCount
0000c018     300 (0000c000)     _FLAG_1ms_Counter
0000c019     300 (0000c000)     _uCount_050ms
0000c01a     300 (0000c000)     _overSpeedCount
0000c01b     300 (0000c000)     _RotationDirection
0000c01c     300 (0000c000)     _uCount_5s
0000c01d     300 (0000c000)     _Main_Gpio_Flag
0000c01e     300 (0000c000)     _underSpeedCount
0000c01f     300 (0000c000)     _Gpio_Flag
0000c020     300 (0000c000)     _EPwm_duty
0000c022     300 (0000c000)     _TSpeedRpm
0000c024     300 (0000c000)     _SpeedRPM
0000c026     300 (0000c000)     _MSpeedRpm
0000c028     300 (0000c000)     _MSpeedHz
0000c02a     300 (0000c000)     _PastPositionCnt
0000c02e     300 (0000c000)     _CurrentPositionCnt
0000c032     300 (0000c000)     _PastDeltaT
0000c036     300 (0000c000)     _DisplacementDeltaT
0000c03a     300 (0000c000)     _CurrentDeltaT

0000c040     301 (0000c040)     _DisplacementPositionCnt
0000c044     301 (0000c040)     _CpuTimer1
0000c04c     301 (0000c040)     _CpuTimer2
0000c054     301 (0000c040)     _CpuTimer0
0000c05c     301 (0000c040)     __unlock
0000c05e     301 (0000c040)     __lock
0000c060     301 (0000c040)     __cleanup_ptr
0000c062     301 (0000c040)     __dtors_ptr

00338af8    ce2b (00338ac0)     _PieVectTableInit

0033fff8    cfff (0033ffc0)     _CsmPwl

00380090    e002 (00380080)     _PartIdRegs

003fe000    ff80 (003fe000)     _IQsinTable

003fe100    ff84 (003fe100)     _IQcosTable

003fe400    ff90 (003fe400)     _IQsinTableEnd

003fe502    ff94 (003fe500)     _IQcosTableEnd
003fe502    ff94 (003fe500)     _IQdivRoundSatTable
003fe510    ff94 (003fe500)     _IQdivTable

003fe712    ff9c (003fe700)     _IQdivTableEnd
003fe712    ff9c (003fe700)     _IQisqrtRoundSatTable
003fe712    ff9c (003fe700)     _IQsqrtRoundSatTable
003fe722    ff9c (003fe700)     _IQisqrtTable
003fe722    ff9c (003fe700)     _IQsqrtTable

003fe824    ffa0 (003fe800)     _IQatan2HalfPITable
003fe824    ffa0 (003fe800)     _IQisqrtTableEnd
003fe824    ffa0 (003fe800)     _IQsqrtTableEnd

003fe862    ffa1 (003fe840)     _IQatan2Table

003fe9e8    ffa7 (003fe9c0)     _IQ30mpyRndSatTable
003fe9e8    ffa7 (003fe9c0)     _IQatan2TableEnd
003fe9e8    ffa7 (003fe9c0)     _IQmpyRndSatTable
003fe9f4    ffa7 (003fe9c0)     _IQ29mpyRndSatTable

003fea00    ffa8 (003fea00)     _IQ28mpyRndSatTable
003fea0c    ffa8 (003fea00)     _IQ27mpyRndSatTable
003fea18    ffa8 (003fea00)     _IQ26mpyRndSatTable
003fea24    ffa8 (003fea00)     _IQ25mpyRndSatTable
003fea30    ffa8 (003fea00)     _IQ24mpyRndSatTable
003fea3c    ffa8 (003fea00)     _IQ23mpyRndSatTable

003fea48    ffa9 (003fea40)     _IQ22mpyRndSatTable
003fea54    ffa9 (003fea40)     _IQ21mpyRndSatTable
003fea60    ffa9 (003fea40)     _IQ20mpyRndSatTable
003fea6c    ffa9 (003fea40)     _IQ19mpyRndSatTable
003fea78    ffa9 (003fea40)     _IQ18mpyRndSatTable

003fea84    ffaa (003fea80)     _IQ17mpyRndSatTable
003fea90    ffaa (003fea80)     _IQ16mpyRndSatTable
003fea9c    ffaa (003fea80)     _IQ15mpyRndSatTable
003feaa8    ffaa (003fea80)     _IQ14mpyRndSatTable
003feab4    ffaa (003fea80)     _IQ13mpyRndSatTable

003feac0    ffab (003feac0)     _IQ12mpyRndSatTable
003feacc    ffab (003feac0)     _IQ11mpyRndSatTable
003fead8    ffab (003feac0)     _IQ10mpyRndSatTable
003feae4    ffab (003feac0)     _IQ9mpyRndSatTable
003feaf0    ffab (003feac0)     _IQ8mpyRndSatTable
003feafc    ffab (003feac0)     _IQ7mpyRndSatTable

003feb08    ffac (003feb00)     _IQ6mpyRndSatTable
003feb14    ffac (003feb00)     _IQ5mpyRndSatTable
003feb20    ffac (003feb00)     _IQ4mpyRndSatTable
003feb2c    ffac (003feb00)     _IQ3mpyRndSatTable
003feb38    ffac (003feb00)     _IQ2mpyRndSatTable

003feb44    ffad (003feb40)     _IQ1mpyRndSatTable
003feb50    ffad (003feb40)     _IQmpyRndSatTableEnd


GLOBAL SYMBOLS: SORTED ALPHABETICALLY BY Name 

page  address   name                    
----  -------   ----                    
0     00338000  .text                   
0     00338a9b  C$$EXIT                 
0     0033863b  FD$$ADD                 
0     003389cd  FD$$CMP                 
0     003386d7  FD$$DIV                 
0     003387ea  FD$$MPY                 
0     00338ad8  FD$$SUB                 
0     00338a1f  FD$$TOFS                
0     00338762  FS$$DIV                 
0     00338a64  L$$TOFD                 
0     003380e6  _ADCINT_ISR             
0     00380080  _ADC_cal                
1     00000b00  _AdcMirror              
1     00007100  _AdcRegs                
0     003388a6  _ConfigCpuTimer         
1     0000c054  _CpuTimer0              
1     00000c00  _CpuTimer0Regs          
1     0000c044  _CpuTimer1              
1     00000c08  _CpuTimer1Regs          
1     0000c04c  _CpuTimer2              
1     00000c10  _CpuTimer2Regs          
1     0033fff8  _CsmPwl                 
1     00000ae0  _CsmRegs                
0     0033860a  _CsmUnlock              
1     0000c03a  _CurrentDeltaT          
1     0000c02e  _CurrentPositionCnt     
0     00338014  _DATALOG_ISR            
0     00338208  _DINTCH1_ISR            
0     00338212  _DINTCH2_ISR            
0     0033821c  _DINTCH3_ISR            
0     00338226  _DINTCH4_ISR            
0     00338230  _DINTCH5_ISR            
0     0033823a  _DINTCH6_ISR            
0     0000801b  _DSP28x_usDelay         
1     00000880  _DevEmuRegs             
0     00338556  _DisableDog             
1     0000c036  _DisplacementDeltaT     
1     0000c040  _DisplacementPositionCnt
1     00001000  _DmaRegs                
0     00338294  _ECAN0INTA_ISR          
0     003382a8  _ECAN0INTB_ISR          
0     0033829e  _ECAN1INTA_ISR          
0     003382b2  _ECAN1INTB_ISR          
0     0033817c  _ECAP1_INT_ISR          
0     00338186  _ECAP2_INT_ISR          
0     00338190  _ECAP3_INT_ISR          
0     0033819a  _ECAP4_INT_ISR          
0     003381a4  _ECAP5_INT_ISR          
0     003381ae  _ECAP6_INT_ISR          
1     00006040  _ECanaLAMRegs           
1     000060c0  _ECanaMOTORegs          
1     00006080  _ECanaMOTSRegs          
1     00006100  _ECanaMboxes            
1     00006000  _ECanaRegs              
1     00006240  _ECanbLAMRegs           
1     000062c0  _ECanbMOTORegs          
1     00006280  _ECanbMOTSRegs          
1     00006300  _ECanbMboxes            
1     00006200  _ECanbRegs              
1     00006a00  _ECap1Regs              
1     00006a20  _ECap2Regs              
1     00006a40  _ECap3Regs              
1     00006a60  _ECap4Regs              
1     00006a80  _ECap5Regs              
1     00006aa0  _ECap6Regs              
0     00338028  _EMUINT_ISR             
0     00338140  _EPWM1_INT_ISR          
0     00338104  _EPWM1_TZINT_ISR        
0     0033814a  _EPWM2_INT_ISR          
0     0033810e  _EPWM2_TZINT_ISR        
0     00338154  _EPWM3_INT_ISR          
0     00338118  _EPWM3_TZINT_ISR        
0     0033815e  _EPWM4_INT_ISR          
0     00338122  _EPWM4_TZINT_ISR        
0     00338168  _EPWM5_INT_ISR          
0     0033812c  _EPWM5_TZINT_ISR        
0     00338172  _EPWM6_INT_ISR          
0     00338136  _EPWM6_TZINT_ISR        
1     0000c017  _EPWMTimerCount         
1     00006800  _EPwm1Regs              
1     00006840  _EPwm2Regs              
1     00006880  _EPwm3Regs              
1     000068c0  _EPwm4Regs              
1     00006900  _EPwm5Regs              
1     00006940  _EPwm6Regs              
1     0000c020  _EPwm_duty              
0     003381b8  _EQEP1_INT_ISR          
0     003381c2  _EQEP2_INT_ISR          
0     00338ac9  _EQEP_Init              
1     00006b00  _EQep1Regs              
1     00006b40  _EQep2Regs              
0     00338a16  _EnableInterrupts       
1     0000c016  _FLAG_10ms              
1     0000c012  _FLAG_10ms_Counter      
1     0000c007  _FLAG_1ms               
1     0000c018  _FLAG_1ms_Counter       
1     0000c005  _FLAG_2000ms            
1     0000c010  _FLAG_2000ms_Counter    
1     0000c00a  _FLAG_20ms              
1     0000c00d  _FLAG_20ms_Counter      
1     0000c002  _FLAG_500ms             
1     0000c013  _FLAG_500ms_Counter     
1     0000c00b  _FLAG_50ms              
1     0000c00e  _FLAG_50ms_Counter      
1     0000c008  _FLAG_5ms               
1     0000c00f  _FLAG_5ms_Counter       
1     0000c000  _FLAG_5s                
1     0000c011  _FLAG_5s_Counter        
1     00000a80  _FlashRegs              
1     00006f80  _GpioCtrlRegs           
1     00006fc0  _GpioDataRegs           
1     00006fe0  _GpioIntRegs            
1     0000c01f  _Gpio_Flag              
0     00338244  _I2CINT1A_ISR           
0     0033824e  _I2CINT2A_ISR           
1     00007900  _I2caRegs               
0     0033803c  _ILLEGAL_ISR            
0     00338000  _INT13_ISR              
0     0033800a  _INT14_ISR              
0     003fead8  _IQ10mpyRndSatTable     
0     003feacc  _IQ11mpyRndSatTable     
0     003feac0  _IQ12mpyRndSatTable     
0     003feab4  _IQ13mpyRndSatTable     
0     003feaa8  _IQ14mpyRndSatTable     
0     003fea9c  _IQ15mpyRndSatTable     
0     003fea90  _IQ16mpyRndSatTable     
0     003fea84  _IQ17mpyRndSatTable     
0     003fea78  _IQ18mpyRndSatTable     
0     003fea6c  _IQ19mpyRndSatTable     
0     003feb44  _IQ1mpyRndSatTable      
0     003fea60  _IQ20mpyRndSatTable     
0     003fea54  _IQ21mpyRndSatTable     
0     003fea48  _IQ22mpyRndSatTable     
0     003fea3c  _IQ23mpyRndSatTable     
0     003fea30  _IQ24mpyRndSatTable     
0     003fea24  _IQ25mpyRndSatTable     
0     003fea18  _IQ26mpyRndSatTable     
0     003fea0c  _IQ27mpyRndSatTable     
0     003fea00  _IQ28mpyRndSatTable     
0     003fe9f4  _IQ29mpyRndSatTable     
0     003feb38  _IQ2mpyRndSatTable      
0     003fe9e8  _IQ30mpyRndSatTable     
0     003feb2c  _IQ3mpyRndSatTable      
0     003feb20  _IQ4mpyRndSatTable      
0     003feb14  _IQ5mpyRndSatTable      
0     003feb08  _IQ6mpyRndSatTable      
0     003feafc  _IQ7mpyRndSatTable      
0     003feaf0  _IQ8mpyRndSatTable      
0     003feae4  _IQ9mpyRndSatTable      
0     003fe824  _IQatan2HalfPITable     
0     003fe862  _IQatan2Table           
0     003fe9e8  _IQatan2TableEnd        
0     003fe100  _IQcosTable             
0     003fe502  _IQcosTableEnd          
0     003fe502  _IQdivRoundSatTable     
0     003fe510  _IQdivTable             
0     003fe712  _IQdivTableEnd          
0     003fe712  _IQisqrtRoundSatTable   
0     003fe722  _IQisqrtTable           
0     003fe824  _IQisqrtTableEnd        
0     003fe9e8  _IQmpyRndSatTable       
0     003feb50  _IQmpyRndSatTableEnd    
0     003fe000  _IQsinTable             
0     003fe400  _IQsinTableEnd          
0     003fe712  _IQsqrtRoundSatTable    
0     003fe722  _IQsqrtTable            
0     003fe824  _IQsqrtTableEnd         
0     0033886d  _InitCpuTimers          
0     0033893d  _InitEPwm               
0     00008000  _InitFlash              
0     003388e0  _InitGpio               
0     003385af  _InitPeripheralClocks   
0     003389f7  _InitPieCtrl            
0     00338a42  _InitPieVectTable       
0     0033855e  _InitPll                
0     00338543  _InitSysCtrl            
0     003382f8  _LUF_ISR                
0     003382ee  _LVF_ISR                
0     003381f4  _MRINTA_ISR             
0     003381e0  _MRINTB_ISR             
1     0000c028  _MSpeedHz               
1     0000c026  _MSpeedRpm              
0     003381fe  _MXINTA_ISR             
0     003381ea  _MXINTB_ISR             
1     0000c01d  _Main_Gpio_Flag         
1     00005000  _McbspaRegs             
1     00005040  _McbspbRegs             
0     00338ab4  _MemCopy                
0     00338032  _NMI_ISR                
0     00338302  _PIE_RESERVED           
1     00380090  _PartIdRegs             
1     0000c032  _PastDeltaT             
1     0000c02a  _PastPositionCnt        
1     00000ce0  _PieCtrlRegs            
1     00000d00  _PieVectTable           
0     00338af8  _PieVectTableInit       
0     0033801e  _RTOSINT_ISR            
0     0032001f  _RamfuncsLoadEnd        
abs   0000001f  _RamfuncsLoadSize       
0     00320000  _RamfuncsLoadStart      
0     00008000  _RamfuncsRunStart       
1     0000c01b  _RotationDirection      
0     0033826c  _SCIRXINTA_ISR          
0     00338280  _SCIRXINTB_ISR          
0     00338258  _SCIRXINTC_ISR          
0     00338276  _SCITXINTA_ISR          
0     0033828a  _SCITXINTB_ISR          
0     00338262  _SCITXINTC_ISR          
0     003380be  _SEQ1INT_ISR            
0     003380c8  _SEQ2INT_ISR            
0     003381cc  _SPIRXINTA_ISR          
0     003381d6  _SPITXINTA_ISR          
1     00007050  _SciaRegs               
1     00007750  _ScibRegs               
1     00007770  _ScicRegs               
0     0033854c  _ServiceDog             
1     0000c024  _SpeedRPM               
1     00007040  _SpiaRegs               
1     00007010  _SysCtrlRegs            
0     003380f0  _TINT0_ISR              
1     0000c022  _TSpeedRpm              
0     003380a0  _USER10_ISR             
0     003380aa  _USER11_ISR             
0     003380b4  _USER12_ISR             
0     00338046  _USER1_ISR              
0     00338050  _USER2_ISR              
0     0033805a  _USER3_ISR              
0     00338064  _USER4_ISR              
0     0033806e  _USER5_ISR              
0     00338078  _USER6_ISR              
0     00338082  _USER7_ISR              
0     0033808c  _USER8_ISR              
0     00338096  _USER9_ISR              
0     003380fa  _WAKEINT_ISR            
0     003380d2  _XINT1_ISR              
0     003380dc  _XINT2_ISR              
0     003382bc  _XINT3_ISR              
0     003382c6  _XINT4_ISR              
0     003382d0  _XINT5_ISR              
0     003382da  _XINT6_ISR              
0     003382e4  _XINT7_ISR              
1     00007070  _XIntruptRegs           
1     00000b20  _XintfRegs              
0     00328000  __IQ24div               
1     00000700  __STACK_END             
abs   00000300  __STACK_SIZE            
abs   00000001  __TI_args_main          
abs   ffffffff  ___binit__              
abs   ffffffff  ___c_args__             
0     00338c0c  ___cinit__              
0     00338af7  ___etext__              
abs   ffffffff  ___pinit__              
0     00338000  ___text__               
0     00338a80  __args_main             
1     0000c060  __cleanup_ptr           
1     0000c062  __dtors_ptr             
1     0000c05e  __lock                  
0     00338aee  __nop                   
0     00338aea  __register_lock         
0     00338ae6  __register_unlock       
1     00000400  __stack                 
1     0000c05c  __unlock                
0     00338a9b  _abort                  
0     00338987  _c_int00                
0     00338439  _cpu_timer0_isr         
0     003384c0  _cpu_timer1_isr         
0     003384d5  _cpu_timer2_isr         
0     003384ea  _epwm1_isr              
0     00338502  _epwm2_isr              
0     00338517  _epwm3_isr              
0     0033852c  _eqep1_isr              
0     00338a9d  _exit                   
0     00338316  _main                   
1     0000c01a  _overSpeedCount         
1     0000c009  _overflowFlag           
0     0033830c  _rsvd_ISR               
1     0000c001  _uCount_001ms           
1     0000c006  _uCount_005ms           
1     0000c003  _uCount_010ms           
1     0000c004  _uCount_020ms           
1     0000c019  _uCount_050ms           
1     0000c015  _uCount_2000ms          
1     0000c014  _uCount_500ms           
1     0000c01c  _uCount_5s              
1     0000c01e  _underSpeedCount        
1     0000c00c  _underflowFlag          
abs   ffffffff  binit                   
0     00338c0c  cinit                   
0     0033fff6  code_start              
0     00338af7  etext                   
abs   ffffffff  pinit                   


GLOBAL SYMBOLS: SORTED BY Symbol Address 

page  address   name                    
----  -------   ----                    
0     00008000  _InitFlash              
0     00008000  _RamfuncsRunStart       
0     0000801b  _DSP28x_usDelay         
0     00320000  _RamfuncsLoadStart      
0     0032001f  _RamfuncsLoadEnd        
0     00328000  __IQ24div               
0     00338000  .text                   
0     00338000  _INT13_ISR              
0     00338000  ___text__               
0     0033800a  _INT14_ISR              
0     00338014  _DATALOG_ISR            
0     0033801e  _RTOSINT_ISR            
0     00338028  _EMUINT_ISR             
0     00338032  _NMI_ISR                
0     0033803c  _ILLEGAL_ISR            
0     00338046  _USER1_ISR              
0     00338050  _USER2_ISR              
0     0033805a  _USER3_ISR              
0     00338064  _USER4_ISR              
0     0033806e  _USER5_ISR              
0     00338078  _USER6_ISR              
0     00338082  _USER7_ISR              
0     0033808c  _USER8_ISR              
0     00338096  _USER9_ISR              
0     003380a0  _USER10_ISR             
0     003380aa  _USER11_ISR             
0     003380b4  _USER12_ISR             
0     003380be  _SEQ1INT_ISR            
0     003380c8  _SEQ2INT_ISR            
0     003380d2  _XINT1_ISR              
0     003380dc  _XINT2_ISR              
0     003380e6  _ADCINT_ISR             
0     003380f0  _TINT0_ISR              
0     003380fa  _WAKEINT_ISR            
0     00338104  _EPWM1_TZINT_ISR        
0     0033810e  _EPWM2_TZINT_ISR        
0     00338118  _EPWM3_TZINT_ISR        
0     00338122  _EPWM4_TZINT_ISR        
0     0033812c  _EPWM5_TZINT_ISR        
0     00338136  _EPWM6_TZINT_ISR        
0     00338140  _EPWM1_INT_ISR          
0     0033814a  _EPWM2_INT_ISR          
0     00338154  _EPWM3_INT_ISR          
0     0033815e  _EPWM4_INT_ISR          
0     00338168  _EPWM5_INT_ISR          
0     00338172  _EPWM6_INT_ISR          
0     0033817c  _ECAP1_INT_ISR          
0     00338186  _ECAP2_INT_ISR          
0     00338190  _ECAP3_INT_ISR          
0     0033819a  _ECAP4_INT_ISR          
0     003381a4  _ECAP5_INT_ISR          
0     003381ae  _ECAP6_INT_ISR          
0     003381b8  _EQEP1_INT_ISR          
0     003381c2  _EQEP2_INT_ISR          
0     003381cc  _SPIRXINTA_ISR          
0     003381d6  _SPITXINTA_ISR          
0     003381e0  _MRINTB_ISR             
0     003381ea  _MXINTB_ISR             
0     003381f4  _MRINTA_ISR             
0     003381fe  _MXINTA_ISR             
0     00338208  _DINTCH1_ISR            
0     00338212  _DINTCH2_ISR            
0     0033821c  _DINTCH3_ISR            
0     00338226  _DINTCH4_ISR            
0     00338230  _DINTCH5_ISR            
0     0033823a  _DINTCH6_ISR            
0     00338244  _I2CINT1A_ISR           
0     0033824e  _I2CINT2A_ISR           
0     00338258  _SCIRXINTC_ISR          
0     00338262  _SCITXINTC_ISR          
0     0033826c  _SCIRXINTA_ISR          
0     00338276  _SCITXINTA_ISR          
0     00338280  _SCIRXINTB_ISR          
0     0033828a  _SCITXINTB_ISR          
0     00338294  _ECAN0INTA_ISR          
0     0033829e  _ECAN1INTA_ISR          
0     003382a8  _ECAN0INTB_ISR          
0     003382b2  _ECAN1INTB_ISR          
0     003382bc  _XINT3_ISR              
0     003382c6  _XINT4_ISR              
0     003382d0  _XINT5_ISR              
0     003382da  _XINT6_ISR              
0     003382e4  _XINT7_ISR              
0     003382ee  _LVF_ISR                
0     003382f8  _LUF_ISR                
0     00338302  _PIE_RESERVED           
0     0033830c  _rsvd_ISR               
0     00338316  _main                   
0     00338439  _cpu_timer0_isr         
0     003384c0  _cpu_timer1_isr         
0     003384d5  _cpu_timer2_isr         
0     003384ea  _epwm1_isr              
0     00338502  _epwm2_isr              
0     00338517  _epwm3_isr              
0     0033852c  _eqep1_isr              
0     00338543  _InitSysCtrl            
0     0033854c  _ServiceDog             
0     00338556  _DisableDog             
0     0033855e  _InitPll                
0     003385af  _InitPeripheralClocks   
0     0033860a  _CsmUnlock              
0     0033863b  FD$$ADD                 
0     003386d7  FD$$DIV                 
0     00338762  FS$$DIV                 
0     003387ea  FD$$MPY                 
0     0033886d  _InitCpuTimers          
0     003388a6  _ConfigCpuTimer         
0     003388e0  _InitGpio               
0     0033893d  _InitEPwm               
0     00338987  _c_int00                
0     003389cd  FD$$CMP                 
0     003389f7  _InitPieCtrl            
0     00338a16  _EnableInterrupts       
0     00338a1f  FD$$TOFS                
0     00338a42  _InitPieVectTable       
0     00338a64  L$$TOFD                 
0     00338a80  __args_main             
0     00338a9b  C$$EXIT                 
0     00338a9b  _abort                  
0     00338a9d  _exit                   
0     00338ab4  _MemCopy                
0     00338ac9  _EQEP_Init              
0     00338ad8  FD$$SUB                 
0     00338ae6  __register_unlock       
0     00338aea  __register_lock         
0     00338aee  __nop                   
0     00338af7  ___etext__              
0     00338af7  etext                   
0     00338af8  _PieVectTableInit       
0     00338c0c  ___cinit__              
0     00338c0c  cinit                   
0     0033fff6  code_start              
0     00380080  _ADC_cal                
0     003fe000  _IQsinTable             
0     003fe100  _IQcosTable             
0     003fe400  _IQsinTableEnd          
0     003fe502  _IQcosTableEnd          
0     003fe502  _IQdivRoundSatTable     
0     003fe510  _IQdivTable             
0     003fe712  _IQdivTableEnd          
0     003fe712  _IQisqrtRoundSatTable   
0     003fe712  _IQsqrtRoundSatTable    
0     003fe722  _IQisqrtTable           
0     003fe722  _IQsqrtTable            
0     003fe824  _IQatan2HalfPITable     
0     003fe824  _IQisqrtTableEnd        
0     003fe824  _IQsqrtTableEnd         
0     003fe862  _IQatan2Table           
0     003fe9e8  _IQ30mpyRndSatTable     
0     003fe9e8  _IQatan2TableEnd        
0     003fe9e8  _IQmpyRndSatTable       
0     003fe9f4  _IQ29mpyRndSatTable     
0     003fea00  _IQ28mpyRndSatTable     
0     003fea0c  _IQ27mpyRndSatTable     
0     003fea18  _IQ26mpyRndSatTable     
0     003fea24  _IQ25mpyRndSatTable     
0     003fea30  _IQ24mpyRndSatTable     
0     003fea3c  _IQ23mpyRndSatTable     
0     003fea48  _IQ22mpyRndSatTable     
0     003fea54  _IQ21mpyRndSatTable     
0     003fea60  _IQ20mpyRndSatTable     
0     003fea6c  _IQ19mpyRndSatTable     
0     003fea78  _IQ18mpyRndSatTable     
0     003fea84  _IQ17mpyRndSatTable     
0     003fea90  _IQ16mpyRndSatTable     
0     003fea9c  _IQ15mpyRndSatTable     
0     003feaa8  _IQ14mpyRndSatTable     
0     003feab4  _IQ13mpyRndSatTable     
0     003feac0  _IQ12mpyRndSatTable     
0     003feacc  _IQ11mpyRndSatTable     
0     003fead8  _IQ10mpyRndSatTable     
0     003feae4  _IQ9mpyRndSatTable      
0     003feaf0  _IQ8mpyRndSatTable      
0     003feafc  _IQ7mpyRndSatTable      
0     003feb08  _IQ6mpyRndSatTable      
0     003feb14  _IQ5mpyRndSatTable      
0     003feb20  _IQ4mpyRndSatTable      
0     003feb2c  _IQ3mpyRndSatTable      
0     003feb38  _IQ2mpyRndSatTable      
0     003feb44  _IQ1mpyRndSatTable      
0     003feb50  _IQmpyRndSatTableEnd    
1     00000400  __stack                 
1     00000700  __STACK_END             
1     00000880  _DevEmuRegs             
1     00000a80  _FlashRegs              
1     00000ae0  _CsmRegs                
1     00000b00  _AdcMirror              
1     00000b20  _XintfRegs              
1     00000c00  _CpuTimer0Regs          
1     00000c08  _CpuTimer1Regs          
1     00000c10  _CpuTimer2Regs          
1     00000ce0  _PieCtrlRegs            
1     00000d00  _PieVectTable           
1     00001000  _DmaRegs                
1     00005000  _McbspaRegs             
1     00005040  _McbspbRegs             
1     00006000  _ECanaRegs              
1     00006040  _ECanaLAMRegs           
1     00006080  _ECanaMOTSRegs          
1     000060c0  _ECanaMOTORegs          
1     00006100  _ECanaMboxes            
1     00006200  _ECanbRegs              
1     00006240  _ECanbLAMRegs           
1     00006280  _ECanbMOTSRegs          
1     000062c0  _ECanbMOTORegs          
1     00006300  _ECanbMboxes            
1     00006800  _EPwm1Regs              
1     00006840  _EPwm2Regs              
1     00006880  _EPwm3Regs              
1     000068c0  _EPwm4Regs              
1     00006900  _EPwm5Regs              
1     00006940  _EPwm6Regs              
1     00006a00  _ECap1Regs              
1     00006a20  _ECap2Regs              
1     00006a40  _ECap3Regs              
1     00006a60  _ECap4Regs              
1     00006a80  _ECap5Regs              
1     00006aa0  _ECap6Regs              
1     00006b00  _EQep1Regs              
1     00006b40  _EQep2Regs              
1     00006f80  _GpioCtrlRegs           
1     00006fc0  _GpioDataRegs           
1     00006fe0  _GpioIntRegs            
1     00007010  _SysCtrlRegs            
1     00007040  _SpiaRegs               
1     00007050  _SciaRegs               
1     00007070  _XIntruptRegs           
1     00007100  _AdcRegs                
1     00007750  _ScibRegs               
1     00007770  _ScicRegs               
1     00007900  _I2caRegs               
1     0000c000  _FLAG_5s                
1     0000c001  _uCount_001ms           
1     0000c002  _FLAG_500ms             
1     0000c003  _uCount_010ms           
1     0000c004  _uCount_020ms           
1     0000c005  _FLAG_2000ms            
1     0000c006  _uCount_005ms           
1     0000c007  _FLAG_1ms               
1     0000c008  _FLAG_5ms               
1     0000c009  _overflowFlag           
1     0000c00a  _FLAG_20ms              
1     0000c00b  _FLAG_50ms              
1     0000c00c  _underflowFlag          
1     0000c00d  _FLAG_20ms_Counter      
1     0000c00e  _FLAG_50ms_Counter      
1     0000c00f  _FLAG_5ms_Counter       
1     0000c010  _FLAG_2000ms_Counter    
1     0000c011  _FLAG_5s_Counter        
1     0000c012  _FLAG_10ms_Counter      
1     0000c013  _FLAG_500ms_Counter     
1     0000c014  _uCount_500ms           
1     0000c015  _uCount_2000ms          
1     0000c016  _FLAG_10ms              
1     0000c017  _EPWMTimerCount         
1     0000c018  _FLAG_1ms_Counter       
1     0000c019  _uCount_050ms           
1     0000c01a  _overSpeedCount         
1     0000c01b  _RotationDirection      
1     0000c01c  _uCount_5s              
1     0000c01d  _Main_Gpio_Flag         
1     0000c01e  _underSpeedCount        
1     0000c01f  _Gpio_Flag              
1     0000c020  _EPwm_duty              
1     0000c022  _TSpeedRpm              
1     0000c024  _SpeedRPM               
1     0000c026  _MSpeedRpm              
1     0000c028  _MSpeedHz               
1     0000c02a  _PastPositionCnt        
1     0000c02e  _CurrentPositionCnt     
1     0000c032  _PastDeltaT             
1     0000c036  _DisplacementDeltaT     
1     0000c03a  _CurrentDeltaT          
1     0000c040  _DisplacementPositionCnt
1     0000c044  _CpuTimer1              
1     0000c04c  _CpuTimer2              
1     0000c054  _CpuTimer0              
1     0000c05c  __unlock                
1     0000c05e  __lock                  
1     0000c060  __cleanup_ptr           
1     0000c062  __dtors_ptr             
1     0033fff8  _CsmPwl                 
1     00380090  _PartIdRegs             
abs   00000001  __TI_args_main          
abs   0000001f  _RamfuncsLoadSize       
abs   00000300  __STACK_SIZE            
abs   ffffffff  ___binit__              
abs   ffffffff  ___c_args__             
abs   ffffffff  ___pinit__              
abs   ffffffff  binit                   
abs   ffffffff  pinit                   

[291 symbols]
